Archive member included to satisfy reference by file (symbol)

c:/program files (x86)/atmel/studio/7.0/toolchain/arm/arm-gnu-toolchain/bin/../lib/gcc/arm-none-eabi/6.3.1/thumb/v6-m\libgcc.a(_aeabi_uldivmod.o)
                              hpl/sercom/hpl_sercom.o (__aeabi_uldivmod)
c:/program files (x86)/atmel/studio/7.0/toolchain/arm/arm-gnu-toolchain/bin/../lib/gcc/arm-none-eabi/6.3.1/thumb/v6-m\libgcc.a(_muldi3.o)
                              hpl/sercom/hpl_sercom.o (__aeabi_lmul)
c:/program files (x86)/atmel/studio/7.0/toolchain/arm/arm-gnu-toolchain/bin/../lib/gcc/arm-none-eabi/6.3.1/thumb/v6-m\libgcc.a(_fixunsdfsi.o)
                              hpl/sercom/hpl_sercom.o (__aeabi_d2uiz)
c:/program files (x86)/atmel/studio/7.0/toolchain/arm/arm-gnu-toolchain/bin/../lib/gcc/arm-none-eabi/6.3.1/thumb/v6-m\libgcc.a(_udivmoddi4.o)
                              c:/program files (x86)/atmel/studio/7.0/toolchain/arm/arm-gnu-toolchain/bin/../lib/gcc/arm-none-eabi/6.3.1/thumb/v6-m\libgcc.a(_aeabi_uldivmod.o) (__udivmoddi4)
c:/program files (x86)/atmel/studio/7.0/toolchain/arm/arm-gnu-toolchain/bin/../lib/gcc/arm-none-eabi/6.3.1/thumb/v6-m\libgcc.a(floatsisf.o)
                              main.o (__aeabi_i2f)
c:/program files (x86)/atmel/studio/7.0/toolchain/arm/arm-gnu-toolchain/bin/../lib/gcc/arm-none-eabi/6.3.1/thumb/v6-m\libgcc.a(adddf3.o)
                              main.o (__aeabi_dadd)
c:/program files (x86)/atmel/studio/7.0/toolchain/arm/arm-gnu-toolchain/bin/../lib/gcc/arm-none-eabi/6.3.1/thumb/v6-m\libgcc.a(divdf3.o)
                              hpl/sercom/hpl_sercom.o (__aeabi_ddiv)
c:/program files (x86)/atmel/studio/7.0/toolchain/arm/arm-gnu-toolchain/bin/../lib/gcc/arm-none-eabi/6.3.1/thumb/v6-m\libgcc.a(muldf3.o)
                              hpl/sercom/hpl_sercom.o (__aeabi_dmul)
c:/program files (x86)/atmel/studio/7.0/toolchain/arm/arm-gnu-toolchain/bin/../lib/gcc/arm-none-eabi/6.3.1/thumb/v6-m\libgcc.a(subdf3.o)
                              hpl/sercom/hpl_sercom.o (__aeabi_dsub)
c:/program files (x86)/atmel/studio/7.0/toolchain/arm/arm-gnu-toolchain/bin/../lib/gcc/arm-none-eabi/6.3.1/thumb/v6-m\libgcc.a(fixdfsi.o)
                              c:/program files (x86)/atmel/studio/7.0/toolchain/arm/arm-gnu-toolchain/bin/../lib/gcc/arm-none-eabi/6.3.1/thumb/v6-m\libgcc.a(_fixunsdfsi.o) (__aeabi_d2iz)
c:/program files (x86)/atmel/studio/7.0/toolchain/arm/arm-gnu-toolchain/bin/../lib/gcc/arm-none-eabi/6.3.1/thumb/v6-m\libgcc.a(floatsidf.o)
                              hpl/sercom/hpl_sercom.o (__aeabi_i2d)
c:/program files (x86)/atmel/studio/7.0/toolchain/arm/arm-gnu-toolchain/bin/../lib/gcc/arm-none-eabi/6.3.1/thumb/v6-m\libgcc.a(floatunsidf.o)
                              hpl/sercom/hpl_sercom.o (__aeabi_ui2d)
c:/program files (x86)/atmel/studio/7.0/toolchain/arm/arm-gnu-toolchain/bin/../lib/gcc/arm-none-eabi/6.3.1/thumb/v6-m\libgcc.a(truncdfsf2.o)
                              main.o (__aeabi_d2f)
c:/program files (x86)/atmel/studio/7.0/toolchain/arm/arm-gnu-toolchain/bin/../lib/gcc/arm-none-eabi/6.3.1/thumb/v6-m\libgcc.a(_dvmd_tls.o)
                              c:/program files (x86)/atmel/studio/7.0/toolchain/arm/arm-gnu-toolchain/bin/../lib/gcc/arm-none-eabi/6.3.1/thumb/v6-m\libgcc.a(_aeabi_uldivmod.o) (__aeabi_ldiv0)
c:/program files (x86)/atmel/studio/7.0/toolchain/arm/arm-gnu-toolchain/bin/../lib/gcc/arm-none-eabi/6.3.1/thumb/v6-m\libgcc.a(_arm_cmpdf2.o)
                              c:/program files (x86)/atmel/studio/7.0/toolchain/arm/arm-gnu-toolchain/bin/../lib/gcc/arm-none-eabi/6.3.1/thumb/v6-m\libgcc.a(_fixunsdfsi.o) (__aeabi_dcmpge)
c:/program files (x86)/atmel/studio/7.0/toolchain/arm/arm-gnu-toolchain/bin/../lib/gcc/arm-none-eabi/6.3.1/thumb/v6-m\libgcc.a(_clzsi2.o)
                              c:/program files (x86)/atmel/studio/7.0/toolchain/arm/arm-gnu-toolchain/bin/../lib/gcc/arm-none-eabi/6.3.1/thumb/v6-m\libgcc.a(floatsisf.o) (__clzsi2)
c:/program files (x86)/atmel/studio/7.0/toolchain/arm/arm-gnu-toolchain/bin/../lib/gcc/arm-none-eabi/6.3.1/thumb/v6-m\libgcc.a(_clzdi2.o)
                              c:/program files (x86)/atmel/studio/7.0/toolchain/arm/arm-gnu-toolchain/bin/../lib/gcc/arm-none-eabi/6.3.1/thumb/v6-m\libgcc.a(_udivmoddi4.o) (__clzdi2)
c:/program files (x86)/atmel/studio/7.0/toolchain/arm/arm-gnu-toolchain/bin/../lib/gcc/arm-none-eabi/6.3.1/thumb/v6-m\libgcc.a(eqdf2.o)
                              c:/program files (x86)/atmel/studio/7.0/toolchain/arm/arm-gnu-toolchain/bin/../lib/gcc/arm-none-eabi/6.3.1/thumb/v6-m\libgcc.a(_arm_cmpdf2.o) (__eqdf2)
c:/program files (x86)/atmel/studio/7.0/toolchain/arm/arm-gnu-toolchain/bin/../lib/gcc/arm-none-eabi/6.3.1/thumb/v6-m\libgcc.a(gedf2.o)
                              c:/program files (x86)/atmel/studio/7.0/toolchain/arm/arm-gnu-toolchain/bin/../lib/gcc/arm-none-eabi/6.3.1/thumb/v6-m\libgcc.a(_arm_cmpdf2.o) (__gedf2)
[...]
Memory Configuration

Name             Origin             Length             Attributes
rom              0x00000000         0x00040000         xr
ram              0x20000000         0x00008000         xrw
*default*        0x00000000         0xffffffff

Linker script and memory map

LOAD c:/program files (x86)/atmel/studio/7.0/toolchain/arm/arm-gnu-toolchain/bin/../lib/gcc/arm-none-eabi/6.3.1/thumb/v6-m/crti.o
LOAD c:/program files (x86)/atmel/studio/7.0/toolchain/arm/arm-gnu-toolchain/bin/../lib/gcc/arm-none-eabi/6.3.1/thumb/v6-m/crtbegin.o
LOAD c:/program files (x86)/atmel/studio/7.0/toolchain/arm/arm-gnu-toolchain/bin/../lib/gcc/arm-none-eabi/6.3.1/../../../../arm-none-eabi/lib/thumb/v6-m/crt0.o
LOAD atmel_start.o
LOAD Device_Startup/startup_samc21.o
LOAD Device_Startup/system_samc21.o
LOAD driver_init.o
LOAD examples/driver_examples.o
LOAD hal/src/hal_atomic.o
LOAD hal/src/hal_can_async.o
LOAD hal/src/hal_delay.o
LOAD hal/src/hal_gpio.o
LOAD hal/src/hal_init.o
LOAD hal/src/hal_io.o
LOAD hal/src/hal_sleep.o
LOAD hal/src/hal_usart_async.o
LOAD hal/utils/src/utils_assert.o
LOAD hal/utils/src/utils_event.o
LOAD hal/utils/src/utils_list.o
LOAD hal/utils/src/utils_ringbuffer.o
LOAD hal/utils/src/utils_syscalls.o
LOAD hpl/can/hpl_can.o
LOAD hpl/core/hpl_core_m0plus_base.o
LOAD hpl/core/hpl_init.o
LOAD hpl/divas/hpl_divas.o
LOAD hpl/dmac/hpl_dmac.o
LOAD hpl/gclk/hpl_gclk.o
LOAD hpl/mclk/hpl_mclk.o
LOAD hpl/osc32kctrl/hpl_osc32kctrl.o
LOAD hpl/oscctrl/hpl_oscctrl.o
LOAD hpl/pm/hpl_pm.o
LOAD hpl/sercom/hpl_sercom.o
LOAD main.o
START GROUP
LOAD c:/program files (x86)/atmel/studio/7.0/toolchain/arm/arm-gnu-toolchain/bin/../lib/gcc/arm-none-eabi/6.3.1/../../../../arm-none-eabi/lib/thumb/v6-m\libm.a
END GROUP
START GROUP
LOAD c:/program files (x86)/atmel/studio/7.0/toolchain/arm/arm-gnu-toolchain/bin/../lib/gcc/arm-none-eabi/6.3.1/thumb/v6-m\libgcc.a
LOAD c:/program files (x86)/atmel/studio/7.0/toolchain/arm/arm-gnu-toolchain/bin/../lib/gcc/arm-none-eabi/6.3.1/../../../../arm-none-eabi/lib/thumb/v6-m\libc_nano.a
END GROUP
START GROUP
LOAD c:/program files (x86)/atmel/studio/7.0/toolchain/arm/arm-gnu-toolchain/bin/../lib/gcc/arm-none-eabi/6.3.1/thumb/v6-m\libgcc.a
LOAD c:/program files (x86)/atmel/studio/7.0/toolchain/arm/arm-gnu-toolchain/bin/../lib/gcc/arm-none-eabi/6.3.1/../../../../arm-none-eabi/lib/thumb/v6-m\libc_nano.a
END GROUP
LOAD c:/program files (x86)/atmel/studio/7.0/toolchain/arm/arm-gnu-toolchain/bin/../lib/gcc/arm-none-eabi/6.3.1/thumb/v6-m/crtend.o
LOAD c:/program files (x86)/atmel/studio/7.0/toolchain/arm/arm-gnu-toolchain/bin/../lib/gcc/arm-none-eabi/6.3.1/thumb/v6-m/crtn.o
                0x00002000                STACK_SIZE = DEFINED (STACK_SIZE)?STACK_SIZE:DEFINED (__stack_size__)?__stack_size__:0x2000

.text           0x00000000     0x25d8
                0x00000000                . = ALIGN (0x4)
                0x00000000                _sfixed = .
 *(.vectors .vectors.*)
 .vectors       0x00000000       0xbc Device_Startup/startup_samc21.o
                0x00000000                exception_table
 *(.text .text.* .gnu.linkonce.t.*)
 .text          0x000000bc       0x60 c:/program files (x86)/atmel/studio/7.0/toolchain/arm/arm-gnu-toolchain/bin/../lib/gcc/arm-none-eabi/6.3.1/thumb/v6-m/crtbegin.o
 .text.atmel_start_init
                0x0000011c        0xc atmel_start.o
                0x0000011c                atmel_start_init
 .text.Dummy_Handler
                0x00000128        0x2 Device_Startup/startup_samc21.o
                0x00000128                SVCall_Handler
                0x00000128                DMAC_Handler
                0x00000128                HardFault_Handler
                0x00000128                TC2_Handler
                0x00000128                AC_Handler
                0x00000128                SysTick_Handler
                0x00000128                PendSV_Handler
                0x00000128                SERCOM1_Handler
                0x00000128                NonMaskableInt_Handler
                0x00000128                TCC1_Handler
                0x00000128                SERCOM2_Handler
                0x00000128                TCC0_Handler
                0x00000128                RTC_Handler
                0x00000128                ADC1_Handler
                0x00000128                EIC_Handler
                0x00000128                WDT_Handler
                0x00000128                TC4_Handler
                0x00000128                TC1_Handler
                0x00000128                TC3_Handler
                0x00000128                SDADC_Handler
                0x00000128                Dummy_Handler
                0x00000128                SERCOM5_Handler
                0x00000128                CAN1_Handler
                0x00000128                ADC0_Handler
                0x00000128                TSENS_Handler
                0x00000128                TCC2_Handler
                0x00000128                EVSYS_Handler
                0x00000128                SERCOM4_Handler
                0x00000128                NVMCTRL_Handler
                0x00000128                SYSTEM_Handler
                0x00000128                SERCOM0_Handler
                0x00000128                DAC_Handler
                0x00000128                PTC_Handler
                0x00000128                FREQM_Handler
                0x00000128                TC0_Handler
 *fill*         0x0000012a        0x2 
 .text.Reset_Handler
                0x0000012c       0x68 Device_Startup/startup_samc21.o
                0x0000012c                Reset_Handler
 .text.USART_0_CLOCK_init
                0x00000194       0x24 driver_init.o
                0x00000194                USART_0_CLOCK_init
 .text.USART_0_PORT_init
                0x000001b8       0x42 driver_init.o
                0x000001b8                USART_0_PORT_init
 *fill*         0x000001fa        0x2 
 .text.USART_0_init
                0x000001fc       0x38 driver_init.o
                0x000001fc                USART_0_init
 .text.CAN_0_PORT_init
                0x00000234       0x42 driver_init.o
                0x00000234                CAN_0_PORT_init
 *fill*         0x00000276        0x2 
 .text.CAN_0_init
                0x00000278       0x3c driver_init.o
                0x00000278                CAN_0_init
 .text.system_init
                0x000002b4       0x1c driver_init.o
                0x000002b4                system_init
 .text.atomic_enter_critical
                0x000002d0        0xe hal/src/hal_atomic.o
                0x000002d0                atomic_enter_critical
 .text.atomic_leave_critical
                0x000002de        0xc hal/src/hal_atomic.o
                0x000002de                atomic_leave_critical
 .text.can_tx_done
                0x000002ea        0xc hal/src/hal_can_async.o
 .text.can_rx_done
                0x000002f6        0xc hal/src/hal_can_async.o
 .text.can_irq_handler
                0x00000302        0xc hal/src/hal_can_async.o
 *fill*         0x0000030e        0x2 
 .text.can_async_init
                0x00000310       0x54 hal/src/hal_can_async.o
                0x00000310                can_async_init
 .text.can_async_enable
                0x00000364       0x28 hal/src/hal_can_async.o
                0x00000364                can_async_enable
 .text.can_async_read
                0x0000038c       0x38 hal/src/hal_can_async.o
                0x0000038c                can_async_read
 .text.can_async_write
                0x000003c4       0x38 hal/src/hal_can_async.o
                0x000003c4                can_async_write
 .text.can_async_register_callback
                0x000003fc       0x50 hal/src/hal_can_async.o
                0x000003fc                can_async_register_callback
 .text.can_async_get_rxerr
                0x0000044c       0x28 hal/src/hal_can_async.o
                0x0000044c                can_async_get_rxerr
 .text.can_async_get_txerr
                0x00000474       0x28 hal/src/hal_can_async.o
                0x00000474                can_async_get_txerr
 .text.can_async_set_filter
                0x0000049c       0x34 hal/src/hal_can_async.o
                0x0000049c                can_async_set_filter
 .text.delay_ms
                0x000004d0       0x20 hal/src/hal_delay.o
                0x000004d0                delay_ms
 .text.io_write
                0x000004f0       0x38 hal/src/hal_io.o
                0x000004f0                io_write
 .text.io_read  0x00000528       0x38 hal/src/hal_io.o
                0x00000528                io_read
 .text.usart_transmission_complete
                0x00000560       0x12 hal/src/hal_usart_async.o
 .text.usart_error
                0x00000572       0x12 hal/src/hal_usart_async.o
 .text.usart_fill_rx_buffer
                0x00000584       0x1c hal/src/hal_usart_async.o
 .text.usart_async_write
                0x000005a0       0x68 hal/src/hal_usart_async.o
 .text.usart_process_byte_sent
                0x00000608       0x44 hal/src/hal_usart_async.o
 .text.usart_async_read
                0x0000064c       0x80 hal/src/hal_usart_async.o
 .text.usart_async_init
                0x000006cc       0x9c hal/src/hal_usart_async.o
                0x000006cc                usart_async_init
 .text.usart_async_enable
                0x00000768       0x2c hal/src/hal_usart_async.o
                0x00000768                usart_async_enable
 .text.usart_async_get_io_descriptor
                0x00000794       0x30 hal/src/hal_usart_async.o
                0x00000794                usart_async_get_io_descriptor
 .text.usart_async_register_callback
                0x000007c4       0x78 hal/src/hal_usart_async.o
                0x000007c4                usart_async_register_callback
 .text.assert   0x0000083c        0x8 hal/utils/src/utils_assert.o
                0x0000083c                assert
 .text.ringbuffer_init
                0x00000844       0x4c hal/utils/src/utils_ringbuffer.o
                0x00000844                ringbuffer_init
 .text.ringbuffer_get
                0x00000890       0x4c hal/utils/src/utils_ringbuffer.o
                0x00000890                ringbuffer_get
 .text.ringbuffer_put
                0x000008dc       0x40 hal/utils/src/utils_ringbuffer.o
                0x000008dc                ringbuffer_put
 .text.ringbuffer_num
                0x0000091c       0x24 hal/utils/src/utils_ringbuffer.o
                0x0000091c                ringbuffer_num
 .text._can_async_init
                0x00000940      0x10c hpl/can/hpl_can.o
                0x00000940                _can_async_init
 .text._can_async_enable
                0x00000a4c        0xe hpl/can/hpl_can.o
                0x00000a4c                _can_async_enable
 *fill*         0x00000a5a        0x2 
 .text._can_async_read
                0x00000a5c       0xc0 hpl/can/hpl_can.o
                0x00000a5c                _can_async_read
 .text._can_async_write
                0x00000b1c      0x15c hpl/can/hpl_can.o
                0x00000b1c                _can_async_write
 .text._can_async_set_irq_state
                0x00000c78       0x4c hpl/can/hpl_can.o
                0x00000c78                _can_async_set_irq_state
 .text._can_async_get_rxerr
                0x00000cc4        0xc hpl/can/hpl_can.o
                0x00000cc4                _can_async_get_rxerr
 .text._can_async_get_txerr
                0x00000cd0        0x8 hpl/can/hpl_can.o
                0x00000cd0                _can_async_get_txerr
 .text._can_async_set_filter
                0x00000cd8       0x8c hpl/can/hpl_can.o
                0x00000cd8                _can_async_set_filter
 .text.CAN0_Handler
                0x00000d64       0x70 hpl/can/hpl_can.o
                0x00000d64                CAN0_Handler
 .text._get_cycles_for_ms
                0x00000dd4       0x1c hpl/core/hpl_core_m0plus_base.o
                0x00000dd4                _get_cycles_for_ms
 .text._delay_cycles
                0x00000df0        0x6 hpl/core/hpl_core_m0plus_base.o
                0x00000df0                _delay_cycles
 *fill*         0x00000df6        0x2 
 .text._init_chip
                0x00000df8       0x44 hpl/core/hpl_init.o
                0x00000df8                _init_chip
 .text._div_init
                0x00000e3c        0xe hpl/divas/hpl_divas.o
                0x00000e3c                _div_init
 .text.__aeabi_uidiv
                0x00000e4a       0x36 hpl/divas/hpl_divas.o
                0x00000e4a                __aeabi_uidiv
 .text._gclk_init_generators_by_fref
                0x00000e80       0x3c hpl/gclk/hpl_gclk.o
                0x00000e80                _gclk_init_generators_by_fref
 .text._mclk_init
                0x00000ebc        0xc hpl/mclk/hpl_mclk.o
                0x00000ebc                _mclk_init
 .text._osc32kctrl_init_sources
                0x00000ec8       0x1c hpl/osc32kctrl/hpl_osc32kctrl.o
                0x00000ec8                _osc32kctrl_init_sources
 .text._oscctrl_init_sources
                0x00000ee4       0x3c hpl/oscctrl/hpl_oscctrl.o
                0x00000ee4                _oscctrl_init_sources
 .text._oscctrl_init_referenced_generators
                0x00000f20       0x78 hpl/oscctrl/hpl_oscctrl.o
                0x00000f20                _oscctrl_init_referenced_generators
 .text._sercom_get_hardware_index
                0x00000f98       0x10 hpl/sercom/hpl_sercom.o
 .text._sercom_usart_interrupt_handler
                0x00000fa8       0x64 hpl/sercom/hpl_sercom.o
 .text._sercom_init_irq_param
                0x0000100c       0x18 hpl/sercom/hpl_sercom.o
 .text._sercom_get_irq_num
                0x00001024       0x10 hpl/sercom/hpl_sercom.o
 .text._get_sercom_index
                0x00001034       0x44 hpl/sercom/hpl_sercom.o
 .text._usart_init
                0x00001078       0xf0 hpl/sercom/hpl_sercom.o
 .text._usart_async_init
                0x00001168       0x8c hpl/sercom/hpl_sercom.o
                0x00001168                _usart_async_init
 .text._usart_async_enable
                0x000011f4       0x12 hpl/sercom/hpl_sercom.o
                0x000011f4                _usart_async_enable
 .text._usart_async_write_byte
                0x00001206        0x8 hpl/sercom/hpl_sercom.o
                0x00001206                _usart_async_write_byte
 .text._usart_async_enable_byte_sent_irq
                0x0000120e        0x8 hpl/sercom/hpl_sercom.o
                0x0000120e                _usart_async_enable_byte_sent_irq
 .text._usart_async_enable_tx_done_irq
                0x00001216        0x8 hpl/sercom/hpl_sercom.o
                0x00001216                _usart_async_enable_tx_done_irq
 *fill*         0x0000121e        0x2 
 .text._usart_async_set_irq_state
                0x00001220       0x78 hpl/sercom/hpl_sercom.o
                0x00001220                _usart_async_set_irq_state
 .text.SERCOM3_Handler
                0x00001298       0x14 hpl/sercom/hpl_sercom.o
                0x00001298                SERCOM3_Handler
 .text.tx_cb_USART_0X
                0x000012ac        0x2 main.o
 *fill*         0x000012ae        0x2 
 .text.rx_cb_USART_0X
                0x000012b0        0xc main.o
 .text.err_cb_USART_0X
                0x000012bc        0x2 main.o
 *fill*         0x000012be        0x2 
 .text.CAN_0_rx_callback1
                0x000012c0       0xa8 main.o
                0x000012c0                CAN_0_rx_callback1
 .text.dataDecode
                0x00001368       0xd0 main.o
                0x00001368                dataDecode
 .text.ModRTU_CRC
                0x00001438       0x38 main.o
                0x00001438                ModRTU_CRC
 .text.modbusTask
                0x00001470       0xa0 main.o
                0x00001470                modbusTask
 .text.USART_0_example_init
                0x00001510       0x50 main.o
                0x00001510                USART_0_example_init
 .text.main     0x00001560      0x104 main.o
                0x00001560                main
 .text          0x00001664       0xa0 c:/program files (x86)/atmel/studio/7.0/toolchain/arm/arm-gnu-toolchain/bin/../lib/gcc/arm-none-eabi/6.3.1/thumb/v6-m\libgcc.a(floatsisf.o)
                0x00001664                __aeabi_i2f
 .text          0x00001704      0x620 c:/program files (x86)/atmel/studio/7.0/toolchain/arm/arm-gnu-toolchain/bin/../lib/gcc/arm-none-eabi/6.3.1/thumb/v6-m\libgcc.a(adddf3.o)
                0x00001704                __aeabi_dadd
 .text          0x00001d24      0x500 c:/program files (x86)/atmel/studio/7.0/toolchain/arm/arm-gnu-toolchain/bin/../lib/gcc/arm-none-eabi/6.3.1/thumb/v6-m\libgcc.a(muldf3.o)
                0x00001d24                __aeabi_dmul
 .text          0x00002224       0x84 c:/program files (x86)/atmel/studio/7.0/toolchain/arm/arm-gnu-toolchain/bin/../lib/gcc/arm-none-eabi/6.3.1/thumb/v6-m\libgcc.a(floatsidf.o)
                0x00002224                __aeabi_i2d
 .text          0x000022a8      0x114 c:/program files (x86)/atmel/studio/7.0/toolchain/arm/arm-gnu-toolchain/bin/../lib/gcc/arm-none-eabi/6.3.1/thumb/v6-m\libgcc.a(truncdfsf2.o)
                0x000022a8                __aeabi_d2f
 .text          0x000023bc       0x3c c:/program files (x86)/atmel/studio/7.0/toolchain/arm/arm-gnu-toolchain/bin/../lib/gcc/arm-none-eabi/6.3.1/thumb/v6-m\libgcc.a(_clzsi2.o)
                0x000023bc                __clzsi2
 .text.__libc_init_array
                0x000023f8       0x48 c:/program files (x86)/atmel/studio/7.0/toolchain/arm/arm-gnu-toolchain/bin/../lib/gcc/arm-none-eabi/6.3.1/../../../../arm-none-eabi/lib/thumb/v6-m\libc_nano.a(lib_a-init.o)
                0x000023f8                __libc_init_array
 .text.memcmp   0x00002440       0x1e c:/program files (x86)/atmel/studio/7.0/toolchain/arm/arm-gnu-toolchain/bin/../lib/gcc/arm-none-eabi/6.3.1/../../../../arm-none-eabi/lib/thumb/v6-m\libc_nano.a(lib_a-memcmp.o)
                0x00002440                memcmp
 .text.memcpy   0x0000245e       0x12 c:/program files (x86)/atmel/studio/7.0/toolchain/arm/arm-gnu-toolchain/bin/../lib/gcc/arm-none-eabi/6.3.1/../../../../arm-none-eabi/lib/thumb/v6-m\libc_nano.a(lib_a-memcpy-stub.o)
                0x0000245e                memcpy
 .text.memset   0x00002470       0x10 c:/program files (x86)/atmel/studio/7.0/toolchain/arm/arm-gnu-toolchain/bin/../lib/gcc/arm-none-eabi/6.3.1/../../../../arm-none-eabi/lib/thumb/v6-m\libc_nano.a(lib_a-memset.o)
                0x00002470                memset
 *(.glue_7t)
 .glue_7t       0x00002480        0x0 linker stubs
 *(.glue_7)
 .glue_7        0x00002480        0x0 linker stubs
 *(.rodata .rodata* .gnu.linkonce.r.*)
 .rodata.str1.4
                0x00002480       0x1b hal/src/hal_can_async.o
 *fill*         0x0000249b        0x1 
 .rodata.str1.4
                0x0000249c       0x14 hal/src/hal_io.o
 .rodata.str1.4
                0x000024b0       0x1d hal/src/hal_usart_async.o
 *fill*         0x000024cd        0x3 
 .rodata.str1.4
                0x000024d0       0x24 hal/utils/src/utils_ringbuffer.o
 .rodata        0x000024f4       0x10 hpl/can/hpl_can.o
 .rodata        0x00002504       0x4d hpl/sercom/hpl_sercom.o
 *fill*         0x00002551        0x3 
 .rodata.str1.4
                0x00002554       0x1c hpl/sercom/hpl_sercom.o
                                 0x1b (size before relaxing)
 .rodata        0x00002570        0x8 main.o
 .rodata        0x00002578       0x40 c:/program files (x86)/atmel/studio/7.0/toolchain/arm/arm-gnu-toolchain/bin/../lib/gcc/arm-none-eabi/6.3.1/thumb/v6-m\libgcc.a(muldf3.o)
 *(.ARM.extab* .gnu.linkonce.armextab.*)
                0x000025b8                . = ALIGN (0x4)
 *(.init)
 .init          0x000025b8        0x4 c:/program files (x86)/atmel/studio/7.0/toolchain/arm/arm-gnu-toolchain/bin/../lib/gcc/arm-none-eabi/6.3.1/thumb/v6-m/crti.o
                0x000025b8                _init
 .init          0x000025bc        0x8 c:/program files (x86)/atmel/studio/7.0/toolchain/arm/arm-gnu-toolchain/bin/../lib/gcc/arm-none-eabi/6.3.1/thumb/v6-m/crtn.o
                0x000025c4                . = ALIGN (0x4)
                0x000025c4                __preinit_array_start = .
 *(.preinit_array)
                0x000025c4                __preinit_array_end = .
                0x000025c4                . = ALIGN (0x4)
                0x000025c4                __init_array_start = .
 *(SORT(.init_array.*))
 *(.init_array)
 .init_array    0x000025c4        0x4 c:/program files (x86)/atmel/studio/7.0/toolchain/arm/arm-gnu-toolchain/bin/../lib/gcc/arm-none-eabi/6.3.1/thumb/v6-m/crtbegin.o
                0x000025c8                __init_array_end = .
                0x000025c8                . = ALIGN (0x4)
 *crtbegin.o(.ctors)
 *(EXCLUDE_FILE(*crtend.o) .ctors)
 *(SORT(.ctors.*))
 *crtend.o(.ctors)
                0x000025c8                . = ALIGN (0x4)
 *(.fini)
 .fini          0x000025c8        0x4 c:/program files (x86)/atmel/studio/7.0/toolchain/arm/arm-gnu-toolchain/bin/../lib/gcc/arm-none-eabi/6.3.1/thumb/v6-m/crti.o
                0x000025c8                _fini
 .fini          0x000025cc        0x8 c:/program files (x86)/atmel/studio/7.0/toolchain/arm/arm-gnu-toolchain/bin/../lib/gcc/arm-none-eabi/6.3.1/thumb/v6-m/crtn.o
                0x000025d4                . = ALIGN (0x4)
                0x000025d4                __fini_array_start = .
 *(.fini_array)
 .fini_array    0x000025d4        0x4 c:/program files (x86)/atmel/studio/7.0/toolchain/arm/arm-gnu-toolchain/bin/../lib/gcc/arm-none-eabi/6.3.1/thumb/v6-m/crtbegin.o
 *(SORT(.fini_array.*))
                0x000025d8                __fini_array_end = .
 *crtbegin.o(.dtors)
 *(EXCLUDE_FILE(*crtend.o) .dtors)
 *(SORT(.dtors.*))
 *crtend.o(.dtors)
                0x000025d8                . = ALIGN (0x4)
                0x000025d8                _efixed = .
                [!provide]                PROVIDE (__exidx_start, .)

.vfp11_veneer   0x000025d8        0x0
 .vfp11_veneer  0x000025d8        0x0 linker stubs

.v4_bx          0x000025d8        0x0
 .v4_bx         0x000025d8        0x0 linker stubs

.iplt           0x000025d8        0x0
 .iplt          0x000025d8        0x0 c:/program files (x86)/atmel/studio/7.0/toolchain/arm/arm-gnu-toolchain/bin/../lib/gcc/arm-none-eabi/6.3.1/thumb/v6-m/crtbegin.o

.eh_frame       0x000025d8        0x0
 .eh_frame      0x000025d8        0x0 c:/program files (x86)/atmel/studio/7.0/toolchain/arm/arm-gnu-toolchain/bin/../lib/gcc/arm-none-eabi/6.3.1/thumb/v6-m/crtbegin.o

.rel.dyn        0x000025d8        0x0
 .rel.iplt      0x000025d8        0x0 c:/program files (x86)/atmel/studio/7.0/toolchain/arm/arm-gnu-toolchain/bin/../lib/gcc/arm-none-eabi/6.3.1/thumb/v6-m/crtbegin.o

.jcr            0x000025d8        0x0
 .jcr           0x000025d8        0x0 c:/program files (x86)/atmel/studio/7.0/toolchain/arm/arm-gnu-toolchain/bin/../lib/gcc/arm-none-eabi/6.3.1/thumb/v6-m/crtbegin.o

.igot.plt       0x000025d8        0x0
 .igot.plt      0x000025d8        0x0 c:/program files (x86)/atmel/studio/7.0/toolchain/arm/arm-gnu-toolchain/bin/../lib/gcc/arm-none-eabi/6.3.1/thumb/v6-m/crtbegin.o

.ARM.exidx
 *(.ARM.exidx* .gnu.linkonce.armexidx.*)
                [!provide]                PROVIDE (__exidx_end, .)
                0x000025d8                . = ALIGN (0x4)
                0x000025d8                _etext = .

.relocate       0x20000000       0x14 load address 0x000025d8
                0x20000000                . = ALIGN (0x4)
                0x20000000                _srelocate = .
 *(.ramfunc .ramfunc.*)
 *(.data .data.*)
 .data          0x20000000       0x14 hpl/can/hpl_can.o
                0x20000000                _can0_context
                0x20000014                . = ALIGN (0x4)
                0x20000014                _erelocate = .

.bss            0x20000014      0x1a4 load address 0x000025ec
                0x20000014                . = ALIGN (0x4)
                0x20000014                _sbss = .
                0x20000014                _szero = .
 *(.bss .bss.*)
 .bss           0x20000014       0x1c c:/program files (x86)/atmel/studio/7.0/toolchain/arm/arm-gnu-toolchain/bin/../lib/gcc/arm-none-eabi/6.3.1/thumb/v6-m/crtbegin.o
 .bss           0x20000030       0x10 driver_init.o
 .bss           0x20000040        0x4 hal/src/hal_delay.o
 .bss           0x20000044       0x2c hpl/can/hpl_can.o
 .bss           0x20000070        0x4 hpl/sercom/hpl_sercom.o
 .bss           0x20000074        0x4 main.o
                0x20000074                modReceiveFlag
                0x20000076                modTaskTrigger
 *(COMMON)
 COMMON         0x20000078       0x78 driver_init.o
                0x20000078                CAN_0
                0x200000a0                USART_0
 COMMON         0x200000f0       0x40 hpl/can/hpl_can.o
                0x200000f0                can0_rx_fifo
                0x20000110                can0_tx_fifo
 COMMON         0x20000130       0x88 main.o
                0x20000130                dataX
                0x20000170                cnt
                0x20000180                paramList
                0x20000194                arr1
                0x2000019c                iox
                0x200001a0                arr3
                0x200001a8                err
                0x200001ac                err1
                0x200001b0                arr2
                0x200001b8                . = ALIGN (0x4)
                0x200001b8                _ebss = .
                0x200001b8                _ezero = .

.stack          0x200001b8     0x2000 load address 0x00002790
                0x200001b8                . = ALIGN (0x8)
                0x200001b8                _sstack = .
                0x200021b8                . = (. + STACK_SIZE)
 *fill*         0x200001b8     0x2000 
                0x200021b8                . = ALIGN (0x8)
                0x200021b8                _estack = .
                0x200021b8                . = ALIGN (0x4)
                0x200021b8                _end = .
OUTPUT(CAN_BLE.elf elf32-littlearm)

.ARM.attributes
                0x00000000       0x28
 .ARM.attributes
                0x00000000       0x1e c:/program files (x86)/atmel/studio/7.0/toolchain/arm/arm-gnu-toolchain/bin/../lib/gcc/arm-none-eabi/6.3.1/thumb/v6-m/crti.o
 .ARM.attributes
                0x0000001e       0x2c c:/program files (x86)/atmel/studio/7.0/toolchain/arm/arm-gnu-toolchain/bin/../lib/gcc/arm-none-eabi/6.3.1/thumb/v6-m/crtbegin.o
 .ARM.attributes
                0x0000004a       0x32 atmel_start.o
 .ARM.attributes
                0x0000007c       0x32 Device_Startup/startup_samc21.o
 .ARM.attributes
                0x000000ae       0x32 driver_init.o
 .ARM.attributes
                0x000000e0       0x32 hal/src/hal_atomic.o
 .ARM.attributes
                0x00000112       0x32 hal/src/hal_can_async.o
 .ARM.attributes
                0x00000144       0x32 hal/src/hal_delay.o
 .ARM.attributes
                0x00000176       0x32 hal/src/hal_io.o
 .ARM.attributes
                0x000001a8       0x32 hal/src/hal_usart_async.o
 .ARM.attributes
                0x000001da       0x32 hal/utils/src/utils_assert.o
 .ARM.attributes
                0x0000020c       0x32 hal/utils/src/utils_ringbuffer.o
 .ARM.attributes
                0x0000023e       0x32 hpl/can/hpl_can.o
 .ARM.attributes
                0x00000270       0x32 hpl/core/hpl_core_m0plus_base.o
 .ARM.attributes
                0x000002a2       0x32 hpl/core/hpl_init.o
 .ARM.attributes
                0x000002d4       0x32 hpl/divas/hpl_divas.o
 .ARM.attributes
                0x00000306       0x32 hpl/gclk/hpl_gclk.o
 .ARM.attributes
                0x00000338       0x32 hpl/mclk/hpl_mclk.o
 .ARM.attributes
                0x0000036a       0x32 hpl/osc32kctrl/hpl_osc32kctrl.o
 .ARM.attributes
                0x0000039c       0x32 hpl/oscctrl/hpl_oscctrl.o
 .ARM.attributes
                0x000003ce       0x32 hpl/sercom/hpl_sercom.o
 .ARM.attributes
                0x00000400       0x32 main.o
 .ARM.attributes
                0x00000432       0x2c c:/program files (x86)/atmel/studio/7.0/toolchain/arm/arm-gnu-toolchain/bin/../lib/gcc/arm-none-eabi/6.3.1/thumb/v6-m\libgcc.a(floatsisf.o)
 .ARM.attributes
                0x0000045e       0x2c c:/program files (x86)/atmel/studio/7.0/toolchain/arm/arm-gnu-toolchain/bin/../lib/gcc/arm-none-eabi/6.3.1/thumb/v6-m\libgcc.a(adddf3.o)
 .ARM.attributes
                0x0000048a       0x2c c:/program files (x86)/atmel/studio/7.0/toolchain/arm/arm-gnu-toolchain/bin/../lib/gcc/arm-none-eabi/6.3.1/thumb/v6-m\libgcc.a(muldf3.o)
 .ARM.attributes
                0x000004b6       0x2c c:/program files (x86)/atmel/studio/7.0/toolchain/arm/arm-gnu-toolchain/bin/../lib/gcc/arm-none-eabi/6.3.1/thumb/v6-m\libgcc.a(floatsidf.o)
 .ARM.attributes
                0x000004e2       0x2c c:/program files (x86)/atmel/studio/7.0/toolchain/arm/arm-gnu-toolchain/bin/../lib/gcc/arm-none-eabi/6.3.1/thumb/v6-m\libgcc.a(truncdfsf2.o)
 .ARM.attributes
                0x0000050e       0x1e c:/program files (x86)/atmel/studio/7.0/toolchain/arm/arm-gnu-toolchain/bin/../lib/gcc/arm-none-eabi/6.3.1/thumb/v6-m\libgcc.a(_clzsi2.o)
 .ARM.attributes
                0x0000052c       0x2c c:/program files (x86)/atmel/studio/7.0/toolchain/arm/arm-gnu-toolchain/bin/../lib/gcc/arm-none-eabi/6.3.1/../../../../arm-none-eabi/lib/thumb/v6-m\libc_nano.a(lib_a-init.o)
 .ARM.attributes
                0x00000558       0x2c c:/program files (x86)/atmel/studio/7.0/toolchain/arm/arm-gnu-toolchain/bin/../lib/gcc/arm-none-eabi/6.3.1/../../../../arm-none-eabi/lib/thumb/v6-m\libc_nano.a(lib_a-memcmp.o)
 .ARM.attributes
                0x00000584       0x2c c:/program files (x86)/atmel/studio/7.0/toolchain/arm/arm-gnu-toolchain/bin/../lib/gcc/arm-none-eabi/6.3.1/../../../../arm-none-eabi/lib/thumb/v6-m\libc_nano.a(lib_a-memcpy-stub.o)
 .ARM.attributes
                0x000005b0       0x2c c:/program files (x86)/atmel/studio/7.0/toolchain/arm/arm-gnu-toolchain/bin/../lib/gcc/arm-none-eabi/6.3.1/../../../../arm-none-eabi/lib/thumb/v6-m\libc_nano.a(lib_a-memset.o)
 .ARM.attributes
                0x000005dc       0x1e c:/program files (x86)/atmel/studio/7.0/toolchain/arm/arm-gnu-toolchain/bin/../lib/gcc/arm-none-eabi/6.3.1/thumb/v6-m/crtn.o

.comment        0x00000000       0x59
 .comment       0x00000000       0x59 atmel_start.o
                                 0x5a (size before relaxing)
 .comment       0x00000059       0x5a Device_Startup/startup_samc21.o
 .comment       0x00000059       0x5a driver_init.o
 .comment       0x00000059       0x5a hal/src/hal_atomic.o
 .comment       0x00000059       0x5a hal/src/hal_can_async.o
 .comment       0x00000059       0x5a hal/src/hal_delay.o
 .comment       0x00000059       0x5a hal/src/hal_io.o
 .comment       0x00000059       0x5a hal/src/hal_usart_async.o
 .comment       0x00000059       0x5a hal/utils/src/utils_assert.o
 .comment       0x00000059       0x5a hal/utils/src/utils_ringbuffer.o
 .comment       0x00000059       0x5a hpl/can/hpl_can.o
 .comment       0x00000059       0x5a hpl/core/hpl_core_m0plus_base.o
 .comment       0x00000059       0x5a hpl/core/hpl_init.o
 .comment       0x00000059       0x5a hpl/divas/hpl_divas.o
 .comment       0x00000059       0x5a hpl/gclk/hpl_gclk.o
 .comment       0x00000059       0x5a hpl/mclk/hpl_mclk.o
 .comment       0x00000059       0x5a hpl/osc32kctrl/hpl_osc32kctrl.o
 .comment       0x00000059       0x5a hpl/oscctrl/hpl_oscctrl.o
 .comment       0x00000059       0x5a hpl/sercom/hpl_sercom.o
 .comment       0x00000059       0x5a main.o

.debug_info     0x00000000    0x1ff08
 .debug_info    0x00000000      0x556 atmel_start.o
 .debug_info    0x00000556      0x527 Device_Startup/startup_samc21.o
 .debug_info    0x00000a7d     0x6be9 driver_init.o
 .debug_info    0x00007666      0x1d1 hal/src/hal_atomic.o
 .debug_info    0x00007837      0xa21 hal/src/hal_can_async.o
 .debug_info    0x00008258      0x1dc hal/src/hal_delay.o
 .debug_info    0x00008434      0x2b2 hal/src/hal_io.o
 .debug_info    0x000086e6     0x129e hal/src/hal_usart_async.o
 .debug_info    0x00009984      0x107 hal/utils/src/utils_assert.o
 .debug_info    0x00009a8b      0x2f1 hal/utils/src/utils_ringbuffer.o
 .debug_info    0x00009d7c     0x57b3 hpl/can/hpl_can.o
 .debug_info    0x0000f52f      0x883 hpl/core/hpl_core_m0plus_base.o
 .debug_info    0x0000fdb2      0x76f hpl/core/hpl_init.o
 .debug_info    0x00010521      0x854 hpl/divas/hpl_divas.o
 .debug_info    0x00010d75      0x626 hpl/gclk/hpl_gclk.o
 .debug_info    0x0001139b      0x7c2 hpl/mclk/hpl_mclk.o
 .debug_info    0x00011b5d      0x772 hpl/osc32kctrl/hpl_osc32kctrl.o
 .debug_info    0x000122cf     0x1452 hpl/oscctrl/hpl_oscctrl.o
 .debug_info    0x00013721     0xb6de hpl/sercom/hpl_sercom.o
 .debug_info    0x0001edff     0x1109 main.o

.debug_abbrev   0x00000000     0x29b0
 .debug_abbrev  0x00000000       0xfd atmel_start.o
 .debug_abbrev  0x000000fd      0x142 Device_Startup/startup_samc21.o
 .debug_abbrev  0x0000023f      0x34d driver_init.o
 .debug_abbrev  0x0000058c      0x144 hal/src/hal_atomic.o
 .debug_abbrev  0x000006d0      0x18b hal/src/hal_can_async.o
 .debug_abbrev  0x0000085b       0xe1 hal/src/hal_delay.o
 .debug_abbrev  0x0000093c      0x115 hal/src/hal_io.o
 .debug_abbrev  0x00000a51      0x29f hal/src/hal_usart_async.o
 .debug_abbrev  0x00000cf0       0x86 hal/utils/src/utils_assert.o
 .debug_abbrev  0x00000d76       0xf4 hal/utils/src/utils_ringbuffer.o
 .debug_abbrev  0x00000e6a      0x48b hpl/can/hpl_can.o
 .debug_abbrev  0x000012f5      0x2c6 hpl/core/hpl_core_m0plus_base.o
 .debug_abbrev  0x000015bb      0x1ce hpl/core/hpl_init.o
 .debug_abbrev  0x00001789      0x232 hpl/divas/hpl_divas.o
 .debug_abbrev  0x000019bb      0x1ab hpl/gclk/hpl_gclk.o
 .debug_abbrev  0x00001b66      0x1ac hpl/mclk/hpl_mclk.o
 .debug_abbrev  0x00001d12      0x1d1 hpl/osc32kctrl/hpl_osc32kctrl.o
 .debug_abbrev  0x00001ee3      0x23a hpl/oscctrl/hpl_oscctrl.o
 .debug_abbrev  0x0000211d      0x5bf hpl/sercom/hpl_sercom.o
 .debug_abbrev  0x000026dc      0x2d4 main.o

.debug_loc      0x00000000     0xba0a
 .debug_loc     0x00000000       0x20 atmel_start.o
 .debug_loc     0x00000020       0x78 Device_Startup/startup_samc21.o
 .debug_loc     0x00000098      0x48b driver_init.o
 .debug_loc     0x00000523       0x13 hal/src/hal_atomic.o
 .debug_loc     0x00000536      0x6c4 hal/src/hal_can_async.o
 .debug_loc     0x00000bfa       0xc3 hal/src/hal_delay.o
 .debug_loc     0x00000cbd      0x1b6 hal/src/hal_io.o
 .debug_loc     0x00000e73      0xf92 hal/src/hal_usart_async.o
 .debug_loc     0x00001e05      0x2d1 hal/utils/src/utils_ringbuffer.o
 .debug_loc     0x000020d6      0xc85 hpl/can/hpl_can.o
 .debug_loc     0x00002d5b      0x2bd hpl/core/hpl_core_m0plus_base.o
 .debug_loc     0x00003018       0x4c hpl/core/hpl_init.o
 .debug_loc     0x00003064      0x2a5 hpl/divas/hpl_divas.o
 .debug_loc     0x00003309      0x156 hpl/gclk/hpl_gclk.o
 .debug_loc     0x0000345f       0x2c hpl/mclk/hpl_mclk.o
 .debug_loc     0x0000348b       0xa5 hpl/osc32kctrl/hpl_osc32kctrl.o
 .debug_loc     0x00003530      0x1c3 hpl/oscctrl/hpl_oscctrl.o
 .debug_loc     0x000036f3     0x8011 hpl/sercom/hpl_sercom.o
 .debug_loc     0x0000b704      0x306 main.o

.debug_aranges  0x00000000      0xa88
 .debug_aranges
                0x00000000       0x20 atmel_start.o
 .debug_aranges
                0x00000020       0x28 Device_Startup/startup_samc21.o
 .debug_aranges
                0x00000048       0x48 driver_init.o
 .debug_aranges
                0x00000090       0x30 hal/src/hal_atomic.o
 .debug_aranges
                0x000000c0       0x90 hal/src/hal_can_async.o
 .debug_aranges
                0x00000150       0x38 hal/src/hal_delay.o
 .debug_aranges
                0x00000188       0x30 hal/src/hal_io.o
 .debug_aranges
                0x000001b8       0xe0 hal/src/hal_usart_async.o
 .debug_aranges
                0x00000298       0x20 hal/utils/src/utils_assert.o
 .debug_aranges
                0x000002b8       0x40 hal/utils/src/utils_ringbuffer.o
 .debug_aranges
                0x000002f8       0x78 hpl/can/hpl_can.o
 .debug_aranges
                0x00000370       0x80 hpl/core/hpl_core_m0plus_base.o
 .debug_aranges
                0x000003f0       0x20 hpl/core/hpl_init.o
 .debug_aranges
                0x00000410       0x40 hpl/divas/hpl_divas.o
 .debug_aranges
                0x00000450       0x28 hpl/gclk/hpl_gclk.o
 .debug_aranges
                0x00000478       0x20 hpl/mclk/hpl_mclk.o
 .debug_aranges
                0x00000498       0x20 hpl/osc32kctrl/hpl_osc32kctrl.o
 .debug_aranges
                0x000004b8       0x28 hpl/oscctrl/hpl_oscctrl.o
 .debug_aranges
                0x000004e0      0x520 hpl/sercom/hpl_sercom.o
 .debug_aranges
                0x00000a00       0x88 main.o

.debug_ranges   0x00000000      0xb48
 .debug_ranges  0x00000000       0x10 atmel_start.o
 .debug_ranges  0x00000010       0x18 Device_Startup/startup_samc21.o
 .debug_ranges  0x00000028       0x38 driver_init.o
 .debug_ranges  0x00000060       0x20 hal/src/hal_atomic.o
 .debug_ranges  0x00000080       0x80 hal/src/hal_can_async.o
 .debug_ranges  0x00000100       0x28 hal/src/hal_delay.o
 .debug_ranges  0x00000128       0x20 hal/src/hal_io.o
 .debug_ranges  0x00000148       0xd0 hal/src/hal_usart_async.o
 .debug_ranges  0x00000218       0x10 hal/utils/src/utils_assert.o
 .debug_ranges  0x00000228       0x30 hal/utils/src/utils_ringbuffer.o
 .debug_ranges  0x00000258       0x68 hpl/can/hpl_can.o
 .debug_ranges  0x000002c0       0x70 hpl/core/hpl_core_m0plus_base.o
 .debug_ranges  0x00000330       0x10 hpl/core/hpl_init.o
 .debug_ranges  0x00000340       0x30 hpl/divas/hpl_divas.o
 .debug_ranges  0x00000370       0x18 hpl/gclk/hpl_gclk.o
 .debug_ranges  0x00000388       0x10 hpl/mclk/hpl_mclk.o
 .debug_ranges  0x00000398       0x10 hpl/osc32kctrl/hpl_osc32kctrl.o
 .debug_ranges  0x000003a8       0x18 hpl/oscctrl/hpl_oscctrl.o
 .debug_ranges  0x000003c0      0x6e0 hpl/sercom/hpl_sercom.o
 .debug_ranges  0x00000aa0       0xa8 main.o

.debug_macro    0x00000000    0x1dace
 .debug_macro   0x00000000      0x659 atmel_start.o
 .debug_macro   0x00000659      0x89e atmel_start.o
 .debug_macro   0x00000ef7      0x16d atmel_start.o
 .debug_macro   0x00001064       0x22 atmel_start.o
 .debug_macro   0x00001086       0x87 atmel_start.o
 .debug_macro   0x0000110d       0x51 atmel_start.o
 .debug_macro   0x0000115e       0xef atmel_start.o
 .debug_macro   0x0000124d       0x6a atmel_start.o
 .debug_macro   0x000012b7      0x1df atmel_start.o
 .debug_macro   0x00001496       0x22 atmel_start.o
 .debug_macro   0x000014b8       0x3f atmel_start.o
 .debug_macro   0x000014f7       0x1c atmel_start.o
 .debug_macro   0x00001513       0x22 atmel_start.o
 .debug_macro   0x00001535       0xb5 atmel_start.o
 .debug_macro   0x000015ea      0x4da atmel_start.o
 .debug_macro   0x00001ac4      0x11f atmel_start.o
 .debug_macro   0x00001be3      0x897 atmel_start.o
 .debug_macro   0x0000247a      0x8c0 atmel_start.o
 .debug_macro   0x00002d3a     0x2d61 atmel_start.o
 .debug_macro   0x00005a9b      0x21e atmel_start.o
 .debug_macro   0x00005cb9      0x282 atmel_start.o
 .debug_macro   0x00005f3b      0x130 atmel_start.o
 .debug_macro   0x0000606b      0xd32 atmel_start.o
 .debug_macro   0x00006d9d      0x61f atmel_start.o
 .debug_macro   0x000073bc      0x5be atmel_start.o
 .debug_macro   0x0000797a      0x824 atmel_start.o
 .debug_macro   0x0000819e      0x172 atmel_start.o
 .debug_macro   0x00008310      0x306 atmel_start.o
 .debug_macro   0x00008616      0x55f atmel_start.o
 .debug_macro   0x00008b75      0x421 atmel_start.o
 .debug_macro   0x00008f96      0x21c atmel_start.o
 .debug_macro   0x000091b2      0x719 atmel_start.o
 .debug_macro   0x000098cb      0x5ab atmel_start.o
 .debug_macro   0x00009e76      0x335 atmel_start.o
 .debug_macro   0x0000a1ab      0x68d atmel_start.o
 .debug_macro   0x0000a838       0xc4 atmel_start.o
 .debug_macro   0x0000a8fc      0x340 atmel_start.o
 .debug_macro   0x0000ac3c       0x6a atmel_start.o
 .debug_macro   0x0000aca6     0x124b atmel_start.o
 .debug_macro   0x0000bef1      0x5a5 atmel_start.o
 .debug_macro   0x0000c496      0xfc4 atmel_start.o
 .debug_macro   0x0000d45a      0x59e atmel_start.o
 .debug_macro   0x0000d9f8      0x8ae atmel_start.o
 .debug_macro   0x0000e2a6     0x19be atmel_start.o
 .debug_macro   0x0000fc64      0x39c atmel_start.o
 .debug_macro   0x00010000      0x36a atmel_start.o
 .debug_macro   0x0001036a       0x94 atmel_start.o
 .debug_macro   0x000103fe       0xac atmel_start.o
 .debug_macro   0x000104aa       0xac atmel_start.o
 .debug_macro   0x00010556      0x149 atmel_start.o
 .debug_macro   0x0001069f      0x149 atmel_start.o
 .debug_macro   0x000107e8       0x4c atmel_start.o
 .debug_macro   0x00010834       0x58 atmel_start.o
 .debug_macro   0x0001088c       0x3a atmel_start.o
 .debug_macro   0x000108c6       0xd6 atmel_start.o
 .debug_macro   0x0001099c       0xb8 atmel_start.o
 .debug_macro   0x00010a54       0x64 atmel_start.o
 .debug_macro   0x00010ab8      0x5d7 atmel_start.o
 .debug_macro   0x0001108f       0x4c atmel_start.o
 .debug_macro   0x000110db      0x1be atmel_start.o
 .debug_macro   0x00011299      0x184 atmel_start.o
 .debug_macro   0x0001141d       0x52 atmel_start.o
 .debug_macro   0x0001146f       0xa0 atmel_start.o
 .debug_macro   0x0001150f       0xd6 atmel_start.o
 .debug_macro   0x000115e5       0x94 atmel_start.o
 .debug_macro   0x00011679       0x4c atmel_start.o
 .debug_macro   0x000116c5       0x64 atmel_start.o
 .debug_macro   0x00011729       0x22 atmel_start.o
 .debug_macro   0x0001174b      0x16c atmel_start.o
 .debug_macro   0x000118b7       0x2e atmel_start.o
 .debug_macro   0x000118e5       0x16 atmel_start.o
 .debug_macro   0x000118fb       0xd6 atmel_start.o
 .debug_macro   0x000119d1       0xa0 atmel_start.o
 .debug_macro   0x00011a71      0x133 atmel_start.o
 .debug_macro   0x00011ba4      0x133 atmel_start.o
 .debug_macro   0x00011cd7      0x133 atmel_start.o
 .debug_macro   0x00011e0a      0x133 atmel_start.o
 .debug_macro   0x00011f3d      0x133 atmel_start.o
 .debug_macro   0x00012070      0x133 atmel_start.o
 .debug_macro   0x000121a3       0x4c atmel_start.o
 .debug_macro   0x000121ef       0xfa atmel_start.o
 .debug_macro   0x000122e9       0xfa atmel_start.o
 .debug_macro   0x000123e3       0xfa atmel_start.o
 .debug_macro   0x000124dd       0xfa atmel_start.o
 .debug_macro   0x000125d7       0xfa atmel_start.o
 .debug_macro   0x000126d1      0x124 atmel_start.o
 .debug_macro   0x000127f5       0xfa atmel_start.o
 .debug_macro   0x000128ef       0xee atmel_start.o
 .debug_macro   0x000129dd       0x76 atmel_start.o
 .debug_macro   0x00012a53       0x3a atmel_start.o
 .debug_macro   0x00012a8d      0x46b atmel_start.o
 .debug_macro   0x00012ef8     0x2678 atmel_start.o
 .debug_macro   0x00015570       0x82 atmel_start.o
 .debug_macro   0x000155f2       0x10 atmel_start.o
 .debug_macro   0x00015602       0x10 atmel_start.o
 .debug_macro   0x00015612       0x16 atmel_start.o
 .debug_macro   0x00015628       0x16 atmel_start.o
 .debug_macro   0x0001563e       0x16 atmel_start.o
 .debug_macro   0x00015654       0x16 atmel_start.o
 .debug_macro   0x0001566a       0x16 atmel_start.o
 .debug_macro   0x00015680       0x16 atmel_start.o
 .debug_macro   0x00015696       0x16 atmel_start.o
 .debug_macro   0x000156ac       0x16 atmel_start.o
 .debug_macro   0x000156c2       0x16 atmel_start.o
 .debug_macro   0x000156d8       0x16 atmel_start.o
 .debug_macro   0x000156ee       0x16 atmel_start.o
 .debug_macro   0x00015704       0x16 atmel_start.o
 .debug_macro   0x0001571a       0x16 atmel_start.o
 .debug_macro   0x00015730       0x16 atmel_start.o
 .debug_macro   0x00015746       0x16 atmel_start.o
 .debug_macro   0x0001575c       0x16 atmel_start.o
 .debug_macro   0x00015772       0x16 atmel_start.o
 .debug_macro   0x00015788       0x16 atmel_start.o
 .debug_macro   0x0001579e       0x16 atmel_start.o
 .debug_macro   0x000157b4       0x16 atmel_start.o
 .debug_macro   0x000157ca       0x16 atmel_start.o
 .debug_macro   0x000157e0      0x262 atmel_start.o
 .debug_macro   0x00015a42       0x16 atmel_start.o
 .debug_macro   0x00015a58       0x94 atmel_start.o
 .debug_macro   0x00015aec       0x16 atmel_start.o
 .debug_macro   0x00015b02       0xbe atmel_start.o
 .debug_macro   0x00015bc0      0x28c atmel_start.o
 .debug_macro   0x00015e4c       0x16 atmel_start.o
 .debug_macro   0x00015e62       0x16 atmel_start.o
 .debug_macro   0x00015e78       0xca atmel_start.o
 .debug_macro   0x00015f42       0x1c atmel_start.o
 .debug_macro   0x00015f5e       0x16 atmel_start.o
 .debug_macro   0x00015f74       0xcf atmel_start.o
 .debug_macro   0x00016043       0x52 atmel_start.o
 .debug_macro   0x00016095       0xc9 atmel_start.o
 .debug_macro   0x0001615e      0x3ba Device_Startup/startup_samc21.o
 .debug_macro   0x00016518       0x39 Device_Startup/startup_samc21.o
 .debug_macro   0x00016551      0x65e driver_init.o
 .debug_macro   0x00016baf       0x34 driver_init.o
 .debug_macro   0x00016be3      0x53a hal/src/hal_atomic.o
 .debug_macro   0x0001711d      0x580 hal/src/hal_can_async.o
 .debug_macro   0x0001769d       0x10 hal/src/hal_can_async.o
 .debug_macro   0x000176ad      0x571 hal/src/hal_delay.o
 .debug_macro   0x00017c1e      0x54f hal/src/hal_io.o
 .debug_macro   0x0001816d      0x59e hal/src/hal_usart_async.o
 .debug_macro   0x0001870b      0x544 hal/utils/src/utils_assert.o
 .debug_macro   0x00018c4f      0x549 hal/utils/src/utils_ringbuffer.o
 .debug_macro   0x00019198      0x649 hpl/can/hpl_can.o
 .debug_macro   0x000197e1      0x167 hpl/can/hpl_can.o
 .debug_macro   0x00019948       0x9e hpl/can/hpl_can.o
 .debug_macro   0x000199e6      0x59a hpl/core/hpl_core_m0plus_base.o
 .debug_macro   0x00019f80      0x5c9 hpl/core/hpl_init.o
 .debug_macro   0x0001a549       0x1c hpl/core/hpl_init.o
 .debug_macro   0x0001a565      0x772 hpl/core/hpl_init.o
 .debug_macro   0x0001acd7      0x562 hpl/divas/hpl_divas.o
 .debug_macro   0x0001b239      0x553 hpl/gclk/hpl_gclk.o
 .debug_macro   0x0001b78c      0x1f4 hpl/gclk/hpl_gclk.o
 .debug_macro   0x0001b980      0x54e hpl/mclk/hpl_mclk.o
 .debug_macro   0x0001bece      0x549 hpl/osc32kctrl/hpl_osc32kctrl.o
 .debug_macro   0x0001c417       0xb8 hpl/osc32kctrl/hpl_osc32kctrl.o
 .debug_macro   0x0001c4cf      0x549 hpl/oscctrl/hpl_oscctrl.o
 .debug_macro   0x0001ca18      0x137 hpl/oscctrl/hpl_oscctrl.o
 .debug_macro   0x0001cb4f      0x79d hpl/sercom/hpl_sercom.o
 .debug_macro   0x0001d2ec       0x70 hpl/sercom/hpl_sercom.o
 .debug_macro   0x0001d35c       0xba hpl/sercom/hpl_sercom.o
 .debug_macro   0x0001d416       0x10 hpl/sercom/hpl_sercom.o
 .debug_macro   0x0001d426       0x1c hpl/sercom/hpl_sercom.o
 .debug_macro   0x0001d442       0x22 hpl/sercom/hpl_sercom.o
 .debug_macro   0x0001d464       0x10 hpl/sercom/hpl_sercom.o
 .debug_macro   0x0001d474      0x65a main.o

.debug_line     0x00000000    0x10b47
 .debug_line    0x00000000      0xc45 atmel_start.o
 .debug_line    0x00000c45      0x7c6 Device_Startup/startup_samc21.o
 .debug_line    0x0000140b      0xd11 driver_init.o
 .debug_line    0x0000211c      0xaf2 hal/src/hal_atomic.o
 .debug_line    0x00002c0e      0xc61 hal/src/hal_can_async.o
 .debug_line    0x0000386f      0xb1d hal/src/hal_delay.o
 .debug_line    0x0000438c      0xb0a hal/src/hal_io.o
 .debug_line    0x00004e96      0xdca hal/src/hal_usart_async.o
 .debug_line    0x00005c60      0xabc hal/utils/src/utils_assert.o
 .debug_line    0x0000671c      0xb5b hal/utils/src/utils_ringbuffer.o
 .debug_line    0x00007277      0xf6b hpl/can/hpl_can.o
 .debug_line    0x000081e2      0xc90 hpl/core/hpl_core_m0plus_base.o
 .debug_line    0x00008e72      0xbaa hpl/core/hpl_init.o
 .debug_line    0x00009a1c      0xbc4 hpl/divas/hpl_divas.o
 .debug_line    0x0000a5e0      0xb26 hpl/gclk/hpl_gclk.o
 .debug_line    0x0000b106      0xae4 hpl/mclk/hpl_mclk.o
 .debug_line    0x0000bbea      0xafa hpl/osc32kctrl/hpl_osc32kctrl.o
 .debug_line    0x0000c6e4      0xb79 hpl/oscctrl/hpl_oscctrl.o
 .debug_line    0x0000d25d     0x2b15 hpl/sercom/hpl_sercom.o
 .debug_line    0x0000fd72      0xdd5 main.o

.debug_str      0x00000000    0x9843e
 .debug_str     0x00000000    0x89b06 atmel_start.o
                              0x8a6ca (size before relaxing)
 .debug_str     0x00089b06      0x3e2 Device_Startup/startup_samc21.o
                              0x84cba (size before relaxing)
 .debug_str     0x00089ee8     0x1999 driver_init.o
                              0x8c0f5 (size before relaxing)
 .debug_str     0x0008b881       0xb7 hal/src/hal_atomic.o
                              0x8942b (size before relaxing)
 .debug_str     0x0008b938      0x23a hal/src/hal_can_async.o
                              0x89d27 (size before relaxing)
 .debug_str     0x0008bb72       0x9b hal/src/hal_delay.o
                              0x89495 (size before relaxing)
 .debug_str     0x0008bc0d       0x3d hal/src/hal_io.o
                              0x894d8 (size before relaxing)
 .debug_str     0x0008bc4a      0x69d hal/src/hal_usart_async.o
                              0x8a342 (size before relaxing)
 .debug_str     0x0008c2e7       0x2a hal/utils/src/utils_assert.o
                              0x8943b (size before relaxing)
 .debug_str     0x0008c311       0x24 hal/utils/src/utils_ringbuffer.o
                              0x894e1 (size before relaxing)
 .debug_str     0x0008c335     0x40ac hpl/can/hpl_can.o
                              0x8e8cb (size before relaxing)
 .debug_str     0x000903e1      0x132 hpl/core/hpl_core_m0plus_base.o
                              0x89ead (size before relaxing)
 .debug_str     0x00090513     0x1ab4 hpl/core/hpl_init.o
                              0x8b975 (size before relaxing)
 .debug_str     0x00091fc7      0x27b hpl/divas/hpl_divas.o
                              0x896ac (size before relaxing)
 .debug_str     0x00092242      0x81e hpl/gclk/hpl_gclk.o
                              0x89d73 (size before relaxing)
 .debug_str     0x00092a60       0x47 hpl/mclk/hpl_mclk.o
                              0x897de (size before relaxing)
 .debug_str     0x00092aa7      0x530 hpl/osc32kctrl/hpl_osc32kctrl.o
                              0x8994b (size before relaxing)
 .debug_str     0x00092fd7      0xacf hpl/oscctrl/hpl_oscctrl.o
                              0x8a073 (size before relaxing)
 .debug_str     0x00093aa6     0x47e9 hpl/sercom/hpl_sercom.o
                              0x8f1ff (size before relaxing)
 .debug_str     0x0009828f      0x1af main.o
                              0x8aa96 (size before relaxing)

.debug_frame    0x00000000     0x1c5c
 .debug_frame   0x00000000       0x28 atmel_start.o
 .debug_frame   0x00000028       0x38 Device_Startup/startup_samc21.o
 .debug_frame   0x00000060       0xa4 driver_init.o
 .debug_frame   0x00000104       0x40 hal/src/hal_atomic.o
 .debug_frame   0x00000144      0x18c hal/src/hal_can_async.o
 .debug_frame   0x000002d0       0x68 hal/src/hal_delay.o
 .debug_frame   0x00000338       0x58 hal/src/hal_io.o
 .debug_frame   0x00000390      0x2a4 hal/src/hal_usart_async.o
 .debug_frame   0x00000634       0x20 hal/utils/src/utils_assert.o
 .debug_frame   0x00000654       0x94 hal/utils/src/utils_ringbuffer.o
 .debug_frame   0x000006e8      0x12c hpl/can/hpl_can.o
 .debug_frame   0x00000814       0xfc hpl/core/hpl_core_m0plus_base.o
 .debug_frame   0x00000910       0x28 hpl/core/hpl_init.o
 .debug_frame   0x00000938       0x90 hpl/divas/hpl_divas.o
 .debug_frame   0x000009c8       0x30 hpl/gclk/hpl_gclk.o
 .debug_frame   0x000009f8       0x20 hpl/mclk/hpl_mclk.o
 .debug_frame   0x00000a18       0x20 hpl/osc32kctrl/hpl_osc32kctrl.o
 .debug_frame   0x00000a38       0x30 hpl/oscctrl/hpl_oscctrl.o
 .debug_frame   0x00000a68      0xedc hpl/sercom/hpl_sercom.o
 .debug_frame   0x00001944      0x178 main.o
 .debug_frame   0x00001abc       0x2c c:/program files (x86)/atmel/studio/7.0/toolchain/arm/arm-gnu-toolchain/bin/../lib/gcc/arm-none-eabi/6.3.1/thumb/v6-m\libgcc.a(floatsisf.o)
 .debug_frame   0x00001ae8       0x3c c:/program files (x86)/atmel/studio/7.0/toolchain/arm/arm-gnu-toolchain/bin/../lib/gcc/arm-none-eabi/6.3.1/thumb/v6-m\libgcc.a(adddf3.o)
 .debug_frame   0x00001b24       0x3c c:/program files (x86)/atmel/studio/7.0/toolchain/arm/arm-gnu-toolchain/bin/../lib/gcc/arm-none-eabi/6.3.1/thumb/v6-m\libgcc.a(muldf3.o)
 .debug_frame   0x00001b60       0x2c c:/program files (x86)/atmel/studio/7.0/toolchain/arm/arm-gnu-toolchain/bin/../lib/gcc/arm-none-eabi/6.3.1/thumb/v6-m\libgcc.a(floatsidf.o)
 .debug_frame   0x00001b8c       0x30 c:/program files (x86)/atmel/studio/7.0/toolchain/arm/arm-gnu-toolchain/bin/../lib/gcc/arm-none-eabi/6.3.1/thumb/v6-m\libgcc.a(truncdfsf2.o)
 .debug_frame   0x00001bbc       0x2c c:/program files (x86)/atmel/studio/7.0/toolchain/arm/arm-gnu-toolchain/bin/../lib/gcc/arm-none-eabi/6.3.1/../../../../arm-none-eabi/lib/thumb/v6-m\libc_nano.a(lib_a-init.o)
 .debug_frame   0x00001be8       0x2c c:/program files (x86)/atmel/studio/7.0/toolchain/arm/arm-gnu-toolchain/bin/../lib/gcc/arm-none-eabi/6.3.1/../../../../arm-none-eabi/lib/thumb/v6-m\libc_nano.a(lib_a-memcmp.o)
 .debug_frame   0x00001c14       0x28 c:/program files (x86)/atmel/studio/7.0/toolchain/arm/arm-gnu-toolchain/bin/../lib/gcc/arm-none-eabi/6.3.1/../../../../arm-none-eabi/lib/thumb/v6-m\libc_nano.a(lib_a-memcpy-stub.o)
 .debug_frame   0x00001c3c       0x20 c:/program files (x86)/atmel/studio/7.0/toolchain/arm/arm-gnu-toolchain/bin/../lib/gcc/arm-none-eabi/6.3.1/../../../../arm-none-eabi/lib/thumb/v6-m\libc_nano.a(lib_a-memset.o)
